+ echo '=== Rank/world info ==='
+ echo 'MASTER_ADDR=nccl-2node-master-0 MASTER_PORT=23456 WORLD_SIZE=2 RANK=0'
+ echo ''
+ echo '=== NCCL all_reduce_perf using torchrun ==='
=== Rank/world info ===
+ cat
MASTER_ADDR=nccl-2node-master-0 MASTER_PORT=23456 WORLD_SIZE=2 RANK=0

=== NCCL all_reduce_perf using torchrun ===
+ torchrun --nnodes=2 --node-rank=0 --nproc-per-node=8 --master-addr=nccl-2node-master-0 --master-port=23456 /tmp/nccl_test.py
W0716 12:29:41.751000 1 torch/distributed/run.py:793] 
W0716 12:29:41.751000 1 torch/distributed/run.py:793] *****************************************
W0716 12:29:41.751000 1 torch/distributed/run.py:793] Setting OMP_NUM_THREADS environment variable for each process to be 1 in default, to avoid your system being overloaded, please further tune the variable for optimal performance in your application as needed. 
W0716 12:29:41.751000 1 torch/distributed/run.py:793] *****************************************
[rank 0] world_size=16 torch=2.5.0a0+e000cf0ad9.nv24.10 nccl=(2, 22, 3)
nccl-2node-master-0:131:131 [0] NCCL INFO Bootstrap : Using eth0:10.45.0.195<0>
nccl-2node-master-0:131:131 [0] NCCL INFO cudaDriverVersion 13000
nccl-2node-master-0:131:131 [0] NCCL INFO NCCL version 2.22.3+cuda12.6
nccl-2node-master-0:136:136 [5] NCCL INFO cudaDriverVersion 13000
nccl-2node-master-0:136:136 [5] NCCL INFO Bootstrap : Using eth0:10.45.0.195<0>
nccl-2node-master-0:136:136 [5] NCCL INFO NCCL version 2.22.3+cuda12.6
nccl-2node-master-0:138:138 [7] NCCL INFO cudaDriverVersion 13000
nccl-2node-master-0:138:138 [7] NCCL INFO Bootstrap : Using eth0:10.45.0.195<0>
nccl-2node-master-0:138:138 [7] NCCL INFO NCCL version 2.22.3+cuda12.6
nccl-2node-master-0:137:137 [6] NCCL INFO cudaDriverVersion 13000
nccl-2node-master-0:137:137 [6] NCCL INFO Bootstrap : Using eth0:10.45.0.195<0>
nccl-2node-master-0:137:137 [6] NCCL INFO NCCL version 2.22.3+cuda12.6
nccl-2node-master-0:135:135 [4] NCCL INFO cudaDriverVersion 13000
nccl-2node-master-0:135:135 [4] NCCL INFO Bootstrap : Using eth0:10.45.0.195<0>
nccl-2node-master-0:135:135 [4] NCCL INFO NCCL version 2.22.3+cuda12.6
nccl-2node-master-0:133:133 [2] NCCL INFO cudaDriverVersion 13000
nccl-2node-master-0:133:133 [2] NCCL INFO Bootstrap : Using eth0:10.45.0.195<0>
nccl-2node-master-0:133:133 [2] NCCL INFO NCCL version 2.22.3+cuda12.6
nccl-2node-master-0:134:134 [3] NCCL INFO cudaDriverVersion 13000
nccl-2node-master-0:134:134 [3] NCCL INFO Bootstrap : Using eth0:10.45.0.195<0>
nccl-2node-master-0:134:134 [3] NCCL INFO NCCL version 2.22.3+cuda12.6
nccl-2node-master-0:132:132 [1] NCCL INFO cudaDriverVersion 13000
nccl-2node-master-0:132:132 [1] NCCL INFO Bootstrap : Using eth0:10.45.0.195<0>
nccl-2node-master-0:132:132 [1] NCCL INFO NCCL version 2.22.3+cuda12.6
nccl-2node-master-0:131:180 [0] NCCL INFO Plugin Path : /opt/hpcx/nccl_rdma_sharp_plugin/lib/libnccl-net.so
nccl-2node-master-0:131:180 [0] NCCL INFO P2P plugin v8 IBext_v8
nccl-2node-master-0:131:180 [0] NCCL INFO NET/IB : No device found.
nccl-2node-master-0:131:180 [0] NCCL INFO NET/IB : No device found.
nccl-2node-master-0:131:180 [0] NCCL INFO NET/Socket : Using [0]eth0:10.45.0.195<0>
nccl-2node-master-0:131:180 [0] NCCL INFO Using network Socket
nccl-2node-master-0:136:181 [5] NCCL INFO Plugin Path : /opt/hpcx/nccl_rdma_sharp_plugin/lib/libnccl-net.so
nccl-2node-master-0:136:181 [5] NCCL INFO P2P plugin v8 IBext_v8
nccl-2node-master-0:136:181 [5] NCCL INFO NET/IB : No device found.
nccl-2node-master-0:136:181 [5] NCCL INFO NET/IB : No device found.
nccl-2node-master-0:136:181 [5] NCCL INFO NET/Socket : Using [0]eth0:10.45.0.195<0>
nccl-2node-master-0:136:181 [5] NCCL INFO Using network Socket
nccl-2node-master-0:138:182 [7] NCCL INFO Plugin Path : /opt/hpcx/nccl_rdma_sharp_plugin/lib/libnccl-net.so
nccl-2node-master-0:138:182 [7] NCCL INFO P2P plugin v8 IBext_v8
nccl-2node-master-0:138:182 [7] NCCL INFO NET/IB : No device found.
nccl-2node-master-0:138:182 [7] NCCL INFO NET/IB : No device found.
nccl-2node-master-0:138:182 [7] NCCL INFO NET/Socket : Using [0]eth0:10.45.0.195<0>
nccl-2node-master-0:138:182 [7] NCCL INFO Using network Socket
nccl-2node-master-0:137:183 [6] NCCL INFO Plugin Path : /opt/hpcx/nccl_rdma_sharp_plugin/lib/libnccl-net.so
nccl-2node-master-0:137:183 [6] NCCL INFO P2P plugin v8 IBext_v8
nccl-2node-master-0:137:183 [6] NCCL INFO NET/IB : No device found.
nccl-2node-master-0:133:185 [2] NCCL INFO Plugin Path : /opt/hpcx/nccl_rdma_sharp_plugin/lib/libnccl-net.so
nccl-2node-master-0:133:185 [2] NCCL INFO P2P plugin v8 IBext_v8
nccl-2node-master-0:135:184 [4] NCCL INFO Plugin Path : /opt/hpcx/nccl_rdma_sharp_plugin/lib/libnccl-net.so
nccl-2node-master-0:135:184 [4] NCCL INFO P2P plugin v8 IBext_v8
nccl-2node-master-0:137:183 [6] NCCL INFO NET/IB : No device found.
nccl-2node-master-0:137:183 [6] NCCL INFO NET/Socket : Using [0]eth0:10.45.0.195<0>
nccl-2node-master-0:137:183 [6] NCCL INFO Using network Socket
nccl-2node-master-0:133:185 [2] NCCL INFO NET/IB : No device found.
nccl-2node-master-0:135:184 [4] NCCL INFO NET/IB : No device found.
nccl-2node-master-0:133:185 [2] NCCL INFO NET/IB : No device found.
nccl-2node-master-0:133:185 [2] NCCL INFO NET/Socket : Using [0]eth0:10.45.0.195<0>
nccl-2node-master-0:133:185 [2] NCCL INFO Using network Socket
nccl-2node-master-0:135:184 [4] NCCL INFO NET/IB : No device found.
nccl-2node-master-0:135:184 [4] NCCL INFO NET/Socket : Using [0]eth0:10.45.0.195<0>
nccl-2node-master-0:135:184 [4] NCCL INFO Using network Socket
nccl-2node-master-0:132:187 [1] NCCL INFO Plugin Path : /opt/hpcx/nccl_rdma_sharp_plugin/lib/libnccl-net.so
nccl-2node-master-0:132:187 [1] NCCL INFO P2P plugin v8 IBext_v8
nccl-2node-master-0:134:186 [3] NCCL INFO Plugin Path : /opt/hpcx/nccl_rdma_sharp_plugin/lib/libnccl-net.so
nccl-2node-master-0:134:186 [3] NCCL INFO P2P plugin v8 IBext_v8
nccl-2node-master-0:132:187 [1] NCCL INFO NET/IB : No device found.
nccl-2node-master-0:134:186 [3] NCCL INFO NET/IB : No device found.
nccl-2node-master-0:132:187 [1] NCCL INFO NET/IB : No device found.
nccl-2node-master-0:132:187 [1] NCCL INFO NET/Socket : Using [0]eth0:10.45.0.195<0>
nccl-2node-master-0:132:187 [1] NCCL INFO Using network Socket
nccl-2node-master-0:134:186 [3] NCCL INFO NET/IB : No device found.
nccl-2node-master-0:134:186 [3] NCCL INFO NET/Socket : Using [0]eth0:10.45.0.195<0>
nccl-2node-master-0:134:186 [3] NCCL INFO Using network Socket
nccl-2node-master-0:134:186 [3] NCCL INFO ncclCommInitRank comm 0x558cc7124ee0 rank 3 nranks 16 cudaDev 3 nvmlDev 3 busId 86000 commId 0x825c735f1ca3ce1 - Init START
nccl-2node-master-0:132:187 [1] NCCL INFO ncclCommInitRank comm 0x5566a4be1c60 rank 1 nranks 16 cudaDev 1 nvmlDev 1 busId 64000 commId 0x825c735f1ca3ce1 - Init START
nccl-2node-master-0:135:184 [4] NCCL INFO ncclCommInitRank comm 0x55aad6f9a510 rank 4 nranks 16 cudaDev 4 nvmlDev 4 busId 97000 commId 0x825c735f1ca3ce1 - Init START
nccl-2node-master-0:133:185 [2] NCCL INFO ncclCommInitRank comm 0x564ffb244010 rank 2 nranks 16 cudaDev 2 nvmlDev 2 busId 75000 commId 0x825c735f1ca3ce1 - Init START
nccl-2node-master-0:136:181 [5] NCCL INFO ncclCommInitRank comm 0x55f9fe017330 rank 5 nranks 16 cudaDev 5 nvmlDev 5 busId a8000 commId 0x825c735f1ca3ce1 - Init START
nccl-2node-master-0:137:183 [6] NCCL INFO ncclCommInitRank comm 0x5586758b6f40 rank 6 nranks 16 cudaDev 6 nvmlDev 6 busId b9000 commId 0x825c735f1ca3ce1 - Init START
nccl-2node-master-0:138:182 [7] NCCL INFO ncclCommInitRank comm 0x55654c6d4af0 rank 7 nranks 16 cudaDev 7 nvmlDev 7 busId ca000 commId 0x825c735f1ca3ce1 - Init START
nccl-2node-master-0:131:180 [0] NCCL INFO ncclCommInitRank comm 0x55b5446ecd50 rank 0 nranks 16 cudaDev 0 nvmlDev 0 busId 53000 commId 0x825c735f1ca3ce1 - Init START
nccl-2node-master-0:132:187 [1] NCCL INFO MNNVL busId 0x64000 fabric UUID 0.0 cliqueId 0x0 state 3 healthMask 0x0
nccl-2node-master-0:135:184 [4] NCCL INFO MNNVL busId 0x97000 fabric UUID 0.0 cliqueId 0x0 state 3 healthMask 0x0
nccl-2node-master-0:134:186 [3] NCCL INFO MNNVL busId 0x86000 fabric UUID 0.0 cliqueId 0x0 state 3 healthMask 0x0
nccl-2node-master-0:137:183 [6] NCCL INFO MNNVL busId 0xb9000 fabric UUID 0.0 cliqueId 0x0 state 3 healthMask 0x0
nccl-2node-master-0:136:181 [5] NCCL INFO MNNVL busId 0xa8000 fabric UUID 0.0 cliqueId 0x0 state 3 healthMask 0x0
nccl-2node-master-0:138:182 [7] NCCL INFO MNNVL busId 0xca000 fabric UUID 0.0 cliqueId 0x0 state 3 healthMask 0x0
nccl-2node-master-0:133:185 [2] NCCL INFO MNNVL busId 0x75000 fabric UUID 0.0 cliqueId 0x0 state 3 healthMask 0x0
nccl-2node-master-0:131:180 [0] NCCL INFO MNNVL busId 0x53000 fabric UUID 0.0 cliqueId 0x0 state 3 healthMask 0x0
nccl-2node-master-0:133:185 [2] NCCL INFO Setting affinity for GPU 2 to ffffff
nccl-2node-master-0:133:185 [2] NCCL INFO NVLS multicast support is available on dev 2
nccl-2node-master-0:131:180 [0] NCCL INFO Setting affinity for GPU 0 to ffff,ff000000
nccl-2node-master-0:131:180 [0] NCCL INFO NVLS multicast support is available on dev 0
nccl-2node-master-0:132:187 [1] NCCL INFO Setting affinity for GPU 1 to ffff,ff000000
nccl-2node-master-0:132:187 [1] NCCL INFO NVLS multicast support is available on dev 1
nccl-2node-master-0:138:182 [7] NCCL INFO Setting affinity for GPU 7 to ff,ffff0000,00000000
nccl-2node-master-0:138:182 [7] NCCL INFO NVLS multicast support is available on dev 7
nccl-2node-master-0:134:186 [3] NCCL INFO Setting affinity for GPU 3 to ffffff
nccl-2node-master-0:134:186 [3] NCCL INFO NVLS multicast support is available on dev 3
nccl-2node-master-0:135:184 [4] NCCL INFO Setting affinity for GPU 4 to ffffff00,00000000,00000000
nccl-2node-master-0:135:184 [4] NCCL INFO NVLS multicast support is available on dev 4
nccl-2node-master-0:136:181 [5] NCCL INFO Setting affinity for GPU 5 to ffffff00,00000000,00000000
nccl-2node-master-0:137:183 [6] NCCL INFO Setting affinity for GPU 6 to ff,ffff0000,00000000
nccl-2node-master-0:136:181 [5] NCCL INFO NVLS multicast support is available on dev 5
nccl-2node-master-0:137:183 [6] NCCL INFO NVLS multicast support is available on dev 6
nccl-2node-master-0:136:181 [5] NCCL INFO comm 0x55f9fe017330 rank 5 nRanks 16 nNodes 2 localRanks 8 localRank 5 MNNVL 0
nccl-2node-master-0:137:183 [6] NCCL INFO comm 0x5586758b6f40 rank 6 nRanks 16 nNodes 2 localRanks 8 localRank 6 MNNVL 0
nccl-2node-master-0:138:182 [7] NCCL INFO comm 0x55654c6d4af0 rank 7 nRanks 16 nNodes 2 localRanks 8 localRank 7 MNNVL 0
nccl-2node-master-0:135:184 [4] NCCL INFO comm 0x55aad6f9a510 rank 4 nRanks 16 nNodes 2 localRanks 8 localRank 4 MNNVL 0
nccl-2node-master-0:134:186 [3] NCCL INFO comm 0x558cc7124ee0 rank 3 nRanks 16 nNodes 2 localRanks 8 localRank 3 MNNVL 0
nccl-2node-master-0:137:183 [6] NCCL INFO NVLS Head  0:  0  8
nccl-2node-master-0:136:181 [5] NCCL INFO NVLS Head  0:  0  8
nccl-2node-master-0:138:182 [7] NCCL INFO NVLS Head  0:  0  8
nccl-2node-master-0:135:184 [4] NCCL INFO NVLS Head  0:  0  8
nccl-2node-master-0:134:186 [3] NCCL INFO NVLS Head  0:  0  8
nccl-2node-master-0:132:187 [1] NCCL INFO comm 0x5566a4be1c60 rank 1 nRanks 16 nNodes 2 localRanks 8 localRank 1 MNNVL 0
nccl-2node-master-0:131:180 [0] NCCL INFO comm 0x55b5446ecd50 rank 0 nRanks 16 nNodes 2 localRanks 8 localRank 0 MNNVL 0
nccl-2node-master-0:137:183 [6] NCCL INFO Trees [0] 7/-1/-1->6->5 [1] 7/-1/-1->6->5 [2] 7/-1/-1->6->5 [3] 7/-1/-1->6->5 [4] 7/-1/-1->6->5 [5] 7/-1/-1->6->5 [6] 7/-1/-1->6->5 [7] 7/-1/-1->6->5 [8] 7/-1/-1->6->5 [9] 7/-1/-1->6->5 [10] 7/-1/-1->6->5 [11] 7/-1/-1->6->5 [12] 7/-1/-1->6->5 [13] 7/-1/-1->6->5 [14] 7/-1/-1->6->5 [15] 7/-1/-1->6->5
nccl-2node-master-0:138:182 [7] NCCL INFO Trees [0] -1/-1/-1->7->6 [1] -1/-1/-1->7->6 [2] -1/-1/-1->7->6 [3] -1/-1/-1->7->6 [4] -1/-1/-1->7->6 [5] -1/-1/-1->7->6 [6] -1/-1/-1->7->6 [7] -1/-1/-1->7->6 [8] -1/-1/-1->7->6 [9] -1/-1/-1->7->6 [10] -1/-1/-1->7->6 [11] -1/-1/-1->7->6 [12] -1/-1/-1->7->6 [13] -1/-1/-1->7->6 [14] -1/-1/-1->7->6 [15] -1/-1/-1->7->6
nccl-2node-master-0:136:181 [5] NCCL INFO Trees [0] 6/-1/-1->5->4 [1] 6/-1/-1->5->4 [2] 6/-1/-1->5->4 [3] 6/-1/-1->5->4 [4] 6/-1/-1->5->4 [5] 6/-1/-1->5->4 [6] 6/-1/-1->5->4 [7] 6/-1/-1->5->4 [8] 6/-1/-1->5->4 [9] 6/-1/-1->5->4 [10] 6/-1/-1->5->4 [11] 6/-1/-1->5->4 [12] 6/-1/-1->5->4 [13] 6/-1/-1->5->4 [14] 6/-1/-1->5->4 [15] 6/-1/-1->5->4
nccl-2node-master-0:135:184 [4] NCCL INFO Trees [0] 5/-1/-1->4->3 [1] 5/-1/-1->4->3 [2] 5/-1/-1->4->3 [3] 5/-1/-1->4->3 [4] 5/-1/-1->4->3 [5] 5/-1/-1->4->3 [6] 5/-1/-1->4->3 [7] 5/-1/-1->4->3 [8] 5/-1/-1->4->3 [9] 5/-1/-1->4->3 [10] 5/-1/-1->4->3 [11] 5/-1/-1->4->3 [12] 5/-1/-1->4->3 [13] 5/-1/-1->4->3 [14] 5/-1/-1->4->3 [15] 5/-1/-1->4->3
nccl-2node-master-0:136:181 [5] NCCL INFO P2P Chunksize set to 131072
nccl-2node-master-0:138:182 [7] NCCL INFO P2P Chunksize set to 131072
nccl-2node-master-0:137:183 [6] NCCL INFO P2P Chunksize set to 131072
nccl-2node-master-0:133:185 [2] NCCL INFO comm 0x564ffb244010 rank 2 nRanks 16 nNodes 2 localRanks 8 localRank 2 MNNVL 0
nccl-2node-master-0:132:187 [1] NCCL INFO NVLS Head  0:  0  8
nccl-2node-master-0:131:180 [0] NCCL INFO NVLS Head  0:  0  8
nccl-2node-master-0:135:184 [4] NCCL INFO P2P Chunksize set to 131072
nccl-2node-master-0:134:186 [3] NCCL INFO Trees [0] 4/-1/-1->3->2 [1] 4/-1/-1->3->2 [2] 4/-1/-1->3->2 [3] 4/-1/-1->3->2 [4] 4/-1/-1->3->2 [5] 4/-1/-1->3->2 [6] 4/-1/-1->3->2 [7] 4/-1/-1->3->2 [8] 4/-1/-1->3->2 [9] 4/-1/-1->3->2 [10] 4/-1/-1->3->2 [11] 4/-1/-1->3->2 [12] 4/-1/-1->3->2 [13] 4/-1/-1->3->2 [14] 4/-1/-1->3->2 [15] 4/-1/-1->3->2
nccl-2node-master-0:134:186 [3] NCCL INFO P2P Chunksize set to 131072
nccl-2node-master-0:131:180 [0] NCCL INFO Channel 00/16 :    0   7   6   5   4   3   2   1   8  15  14  13  12  11  10   9
nccl-2node-master-0:131:180 [0] NCCL INFO Channel 01/16 :    0   7   6   5   4   3   2   1   8  15  14  13  12  11  10   9
nccl-2node-master-0:132:187 [1] NCCL INFO Trees [0] 2/-1/-1->1->0 [1] 2/-1/-1->1->0 [2] 2/-1/-1->1->0 [3] 2/-1/-1->1->0 [4] 2/-1/-1->1->0 [5] 2/-1/-1->1->0 [6] 2/-1/-1->1->0 [7] 2/-1/-1->1->0 [8] 2/-1/-1->1->0 [9] 2/-1/-1->1->0 [10] 2/-1/-1->1->0 [11] 2/-1/-1->1->0 [12] 2/-1/-1->1->0 [13] 2/-1/-1->1->0 [14] 2/-1/-1->1->0 [15] 2/-1/-1->1->0
nccl-2node-master-0:131:180 [0] NCCL INFO Channel 02/16 :    0   7   6   5   4   3   2   1   8  15  14  13  12  11  10   9
nccl-2node-master-0:132:187 [1] NCCL INFO P2P Chunksize set to 131072
nccl-2node-master-0:131:180 [0] NCCL INFO Channel 03/16 :    0   7   6   5   4   3   2   1   8  15  14  13  12  11  10   9
nccl-2node-master-0:133:185 [2] NCCL INFO NVLS Head  0:  0  8
nccl-2node-master-0:131:180 [0] NCCL INFO Channel 04/16 :    0   7   6   5   4   3   2   1   8  15  14  13  12  11  10   9
nccl-2node-master-0:131:180 [0] NCCL INFO Channel 05/16 :    0   7   6   5   4   3   2   1   8  15  14  13  12  11  10   9
nccl-2node-master-0:131:180 [0] NCCL INFO Channel 06/16 :    0   7   6   5   4   3   2   1   8  15  14  13  12  11  10   9
nccl-2node-master-0:133:185 [2] NCCL INFO Trees [0] 3/-1/-1->2->1 [1] 3/-1/-1->2->1 [2] 3/-1/-1->2->1 [3] 3/-1/-1->2->1 [4] 3/-1/-1->2->1 [5] 3/-1/-1->2->1 [6] 3/-1/-1->2->1 [7] 3/-1/-1->2->1 [8] 3/-1/-1->2->1 [9] 3/-1/-1->2->1 [10] 3/-1/-1->2->1 [11] 3/-1/-1->2->1 [12] 3/-1/-1->2->1 [13] 3/-1/-1->2->1 [14] 3/-1/-1->2->1 [15] 3/-1/-1->2->1
nccl-2node-master-0:131:180 [0] NCCL INFO Channel 07/16 :    0   7   6   5   4   3   2   1   8  15  14  13  12  11  10   9
nccl-2node-master-0:133:185 [2] NCCL INFO P2P Chunksize set to 131072
nccl-2node-master-0:131:180 [0] NCCL INFO Channel 08/16 :    0   7   6   5   4   3   2   1   8  15  14  13  12  11  10   9
nccl-2node-master-0:131:180 [0] NCCL INFO Channel 09/16 :    0   7   6   5   4   3   2   1   8  15  14  13  12  11  10   9
nccl-2node-master-0:131:180 [0] NCCL INFO Channel 10/16 :    0   7   6   5   4   3   2   1   8  15  14  13  12  11  10   9
nccl-2node-master-0:131:180 [0] NCCL INFO Channel 11/16 :    0   7   6   5   4   3   2   1   8  15  14  13  12  11  10   9
nccl-2node-master-0:131:180 [0] NCCL INFO Channel 12/16 :    0   7   6   5   4   3   2   1   8  15  14  13  12  11  10   9
nccl-2node-master-0:131:180 [0] NCCL INFO Channel 13/16 :    0   7   6   5   4   3   2   1   8  15  14  13  12  11  10   9
nccl-2node-master-0:131:180 [0] NCCL INFO Channel 14/16 :    0   7   6   5   4   3   2   1   8  15  14  13  12  11  10   9
nccl-2node-master-0:131:180 [0] NCCL INFO Channel 15/16 :    0   7   6   5   4   3   2   1   8  15  14  13  12  11  10   9
nccl-2node-master-0:131:180 [0] NCCL INFO Trees [0] 1/8/-1->0->-1 [1] 1/-1/-1->0->8 [2] 1/8/-1->0->-1 [3] 1/-1/-1->0->8 [4] 1/8/-1->0->-1 [5] 1/-1/-1->0->8 [6] 1/8/-1->0->-1 [7] 1/-1/-1->0->8 [8] 1/8/-1->0->-1 [9] 1/-1/-1->0->8 [10] 1/8/-1->0->-1 [11] 1/-1/-1->0->8 [12] 1/8/-1->0->-1 [13] 1/-1/-1->0->8 [14] 1/8/-1->0->-1 [15] 1/-1/-1->0->8
nccl-2node-master-0:131:180 [0] NCCL INFO P2P Chunksize set to 131072
nccl-2node-master-0:136:181 [5] NCCL INFO threadThresholds 8/8/64 | 128/8/64 | 512 | 512
nccl-2node-master-0:136:181 [5] NCCL INFO 16 coll channels, 16 collnet channels, 16 nvls channels, 16 p2p channels, 2 p2p channels per peer
nccl-2node-master-0:138:182 [7] NCCL INFO threadThresholds 8/8/64 | 128/8/64 | 512 | 512
nccl-2node-master-0:138:182 [7] NCCL INFO 16 coll channels, 16 collnet channels, 16 nvls channels, 16 p2p channels, 2 p2p channels per peer
nccl-2node-master-0:131:180 [0] NCCL INFO threadThresholds 8/8/64 | 128/8/64 | 512 | 512
nccl-2node-master-0:131:180 [0] NCCL INFO 16 coll channels, 16 collnet channels, 16 nvls channels, 16 p2p channels, 2 p2p channels per peer
nccl-2node-master-0:132:187 [1] NCCL INFO threadThresholds 8/8/64 | 128/8/64 | 512 | 512
nccl-2node-master-0:132:187 [1] NCCL INFO 16 coll channels, 16 collnet channels, 16 nvls channels, 16 p2p channels, 2 p2p channels per peer
nccl-2node-master-0:134:186 [3] NCCL INFO threadThresholds 8/8/64 | 128/8/64 | 512 | 512
nccl-2node-master-0:134:186 [3] NCCL INFO 16 coll channels, 16 collnet channels, 16 nvls channels, 16 p2p channels, 2 p2p channels per peer
nccl-2node-master-0:135:184 [4] NCCL INFO threadThresholds 8/8/64 | 128/8/64 | 512 | 512
nccl-2node-master-0:135:184 [4] NCCL INFO 16 coll channels, 16 collnet channels, 16 nvls channels, 16 p2p channels, 2 p2p channels per peer
nccl-2node-master-0:137:183 [6] NCCL INFO threadThresholds 8/8/64 | 128/8/64 | 512 | 512
nccl-2node-master-0:137:183 [6] NCCL INFO 16 coll channels, 16 collnet channels, 16 nvls channels, 16 p2p channels, 2 p2p channels per peer
nccl-2node-master-0:133:185 [2] NCCL INFO threadThresholds 8/8/64 | 128/8/64 | 512 | 512
nccl-2node-master-0:133:185 [2] NCCL INFO 16 coll channels, 16 collnet channels, 16 nvls channels, 16 p2p channels, 2 p2p channels per peer
nccl-2node-master-0:131:180 [0] NCCL INFO CC Off, Multi-GPU CC Off, workFifoBytes 1048576
nccl-2node-master-0:138:182 [7] NCCL INFO TUNER/Plugin: Failed to find ncclTunerPlugin_v3 symbol.
nccl-2node-master-0:136:181 [5] NCCL INFO TUNER/Plugin: Failed to find ncclTunerPlugin_v3 symbol.
nccl-2node-master-0:138:182 [7] NCCL INFO TUNER/Plugin: Failed to find ncclTunerPlugin_v2 symbol, using internal tuner instead.
nccl-2node-master-0:131:180 [0] NCCL INFO TUNER/Plugin: Failed to find ncclTunerPlugin_v3 symbol.
nccl-2node-master-0:135:184 [4] NCCL INFO TUNER/Plugin: Failed to find ncclTunerPlugin_v3 symbol.
nccl-2node-master-0:136:181 [5] NCCL INFO TUNER/Plugin: Failed to find ncclTunerPlugin_v2 symbol, using internal tuner instead.
nccl-2node-master-0:137:183 [6] NCCL INFO TUNER/Plugin: Failed to find ncclTunerPlugin_v3 symbol.
nccl-2node-master-0:133:185 [2] NCCL INFO TUNER/Plugin: Failed to find ncclTunerPlugin_v3 symbol.
nccl-2node-master-0:138:182 [7] NCCL INFO ncclCommInitRank comm 0x55654c6d4af0 rank 7 nranks 16 cudaDev 7 nvmlDev 7 busId ca000 commId 0x825c735f1ca3ce1 - Init COMPLETE
nccl-2node-master-0:131:180 [0] NCCL INFO TUNER/Plugin: Failed to find ncclTunerPlugin_v2 symbol, using internal tuner instead.
nccl-2node-master-0:135:184 [4] NCCL INFO TUNER/Plugin: Failed to find ncclTunerPlugin_v2 symbol, using internal tuner instead.
nccl-2node-master-0:136:181 [5] NCCL INFO ncclCommInitRank comm 0x55f9fe017330 rank 5 nranks 16 cudaDev 5 nvmlDev 5 busId a8000 commId 0x825c735f1ca3ce1 - Init COMPLETE
nccl-2node-master-0:137:183 [6] NCCL INFO TUNER/Plugin: Failed to find ncclTunerPlugin_v2 symbol, using internal tuner instead.
nccl-2node-master-0:133:185 [2] NCCL INFO TUNER/Plugin: Failed to find ncclTunerPlugin_v2 symbol, using internal tuner instead.
nccl-2node-master-0:131:180 [0] NCCL INFO ncclCommInitRank comm 0x55b5446ecd50 rank 0 nranks 16 cudaDev 0 nvmlDev 0 busId 53000 commId 0x825c735f1ca3ce1 - Init COMPLETE
nccl-2node-master-0:138:182 [7] NCCL INFO Init timings: rank 7 nranks 16 total 1.51 (kernels 0.29, bootstrap 0.92, allgathers 0.01, topo 0.06, graphs 0.00, connections 0.23, rest 0.00)
nccl-2node-master-0:135:184 [4] NCCL INFO ncclCommInitRank comm 0x55aad6f9a510 rank 4 nranks 16 cudaDev 4 nvmlDev 4 busId 97000 commId 0x825c735f1ca3ce1 - Init COMPLETE
nccl-2node-master-0:137:183 [6] NCCL INFO ncclCommInitRank comm 0x5586758b6f40 rank 6 nranks 16 cudaDev 6 nvmlDev 6 busId b9000 commId 0x825c735f1ca3ce1 - Init COMPLETE
nccl-2node-master-0:133:185 [2] NCCL INFO ncclCommInitRank comm 0x564ffb244010 rank 2 nranks 16 cudaDev 2 nvmlDev 2 busId 75000 commId 0x825c735f1ca3ce1 - Init COMPLETE
nccl-2node-master-0:136:181 [5] NCCL INFO Init timings: rank 5 nranks 16 total 1.52 (kernels 0.23, bootstrap 1.00, allgathers 0.01, topo 0.06, graphs 0.00, connections 0.23, rest 0.00)
nccl-2node-master-0:131:180 [0] NCCL INFO Init timings: rank 0 nranks 16 total 1.65 (kernels 0.27, bootstrap 1.08, allgathers 0.01, topo 0.05, graphs 0.00, connections 0.23, rest 0.00)
nccl-2node-master-0:135:184 [4] NCCL INFO Init timings: rank 4 nranks 16 total 1.47 (kernels 0.40, bootstrap 0.77, allgathers 0.01, topo 0.06, graphs 0.00, connections 0.23, rest 0.00)
nccl-2node-master-0:137:183 [6] NCCL INFO Init timings: rank 6 nranks 16 total 1.49 (kernels 0.38, bootstrap 0.81, allgathers 0.01, topo 0.06, graphs 0.00, connections 0.23, rest 0.00)
nccl-2node-master-0:133:185 [2] NCCL INFO Init timings: rank 2 nranks 16 total 1.46 (kernels 0.38, bootstrap 0.78, allgathers 0.01, topo 0.05, graphs 0.00, connections 0.23, rest 0.00)
nccl-2node-master-0:134:186 [3] NCCL INFO TUNER/Plugin: Failed to find ncclTunerPlugin_v3 symbol.
nccl-2node-master-0:134:186 [3] NCCL INFO TUNER/Plugin: Failed to find ncclTunerPlugin_v2 symbol, using internal tuner instead.
nccl-2node-master-0:134:186 [3] NCCL INFO ncclCommInitRank comm 0x558cc7124ee0 rank 3 nranks 16 cudaDev 3 nvmlDev 3 busId 86000 commId 0x825c735f1ca3ce1 - Init COMPLETE
nccl-2node-master-0:134:186 [3] NCCL INFO Init timings: rank 3 nranks 16 total 1.40 (kernels 0.65, bootstrap 0.46, allgathers 0.01, topo 0.06, graphs 0.00, connections 0.23, rest 0.00)
nccl-2node-master-0:132:187 [1] NCCL INFO TUNER/Plugin: Failed to find ncclTunerPlugin_v3 symbol.
nccl-2node-master-0:132:187 [1] NCCL INFO TUNER/Plugin: Failed to find ncclTunerPlugin_v2 symbol, using internal tuner instead.
nccl-2node-master-0:132:187 [1] NCCL INFO ncclCommInitRank comm 0x5566a4be1c60 rank 1 nranks 16 cudaDev 1 nvmlDev 1 busId 64000 commId 0x825c735f1ca3ce1 - Init COMPLETE
nccl-2node-master-0:132:187 [1] NCCL INFO Init timings: rank 1 nranks 16 total 1.40 (kernels 0.64, bootstrap 0.47, allgathers 0.01, topo 0.05, graphs 0.00, connections 0.23, rest 0.00)
nccl-2node-master-0:131:205 [0] NCCL INFO Channel 00/0 : 0[0] -> 1[1] via P2P/CUMEM
nccl-2node-master-0:131:205 [0] NCCL INFO Channel 01/0 : 0[0] -> 1[1] via P2P/CUMEM
nccl-2node-master-0:131:205 [0] NCCL INFO Channel 02/0 : 0[0] -> 1[1] via P2P/CUMEM
nccl-2node-master-0:131:205 [0] NCCL INFO Channel 03/0 : 0[0] -> 1[1] via P2P/CUMEM
nccl-2node-master-0:131:205 [0] NCCL INFO Channel 04/0 : 0[0] -> 1[1] via P2P/CUMEM
nccl-2node-master-0:131:205 [0] NCCL INFO Channel 05/0 : 0[0] -> 1[1] via P2P/CUMEM
nccl-2node-master-0:131:205 [0] NCCL INFO Channel 06/0 : 0[0] -> 1[1] via P2P/CUMEM
nccl-2node-master-0:131:205 [0] NCCL INFO Channel 07/0 : 0[0] -> 1[1] via P2P/CUMEM
nccl-2node-master-0:131:205 [0] NCCL INFO Channel 08/0 : 0[0] -> 1[1] via P2P/CUMEM
nccl-2node-master-0:131:205 [0] NCCL INFO Channel 09/0 : 0[0] -> 1[1] via P2P/CUMEM
nccl-2node-master-0:131:205 [0] NCCL INFO Channel 10/0 : 0[0] -> 1[1] via P2P/CUMEM
nccl-2node-master-0:131:205 [0] NCCL INFO Channel 11/0 : 0[0] -> 1[1] via P2P/CUMEM
nccl-2node-master-0:131:205 [0] NCCL INFO Channel 12/0 : 0[0] -> 1[1] via P2P/CUMEM
nccl-2node-master-0:131:205 [0] NCCL INFO Channel 13/0 : 0[0] -> 1[1] via P2P/CUMEM
nccl-2node-master-0:131:205 [0] NCCL INFO Channel 14/0 : 0[0] -> 1[1] via P2P/CUMEM
nccl-2node-master-0:131:205 [0] NCCL INFO Channel 15/0 : 0[0] -> 1[1] via P2P/CUMEM
nccl-2node-master-0:136:206 [5] NCCL INFO Channel 00/0 : 5[5] -> 6[6] via P2P/CUMEM
nccl-2node-master-0:135:209 [4] NCCL INFO Channel 00/0 : 4[4] -> 5[5] via P2P/CUMEM
nccl-2node-master-0:132:207 [1] NCCL INFO Channel 00/0 : 1[1] -> 2[2] via P2P/CUMEM
nccl-2node-master-0:136:206 [5] NCCL INFO Channel 01/0 : 5[5] -> 6[6] via P2P/CUMEM
nccl-2node-master-0:135:209 [4] NCCL INFO Channel 01/0 : 4[4] -> 5[5] via P2P/CUMEM
nccl-2node-master-0:135:209 [4] NCCL INFO Channel 02/0 : 4[4] -> 5[5] via P2P/CUMEM
nccl-2node-master-0:132:207 [1] NCCL INFO Channel 01/0 : 1[1] -> 2[2] via P2P/CUMEM
nccl-2node-master-0:137:211 [6] NCCL INFO Channel 00/0 : 6[6] -> 7[7] via P2P/CUMEM
nccl-2node-master-0:136:206 [5] NCCL INFO Channel 02/0 : 5[5] -> 6[6] via P2P/CUMEM
nccl-2node-master-0:136:206 [5] NCCL INFO Channel 03/0 : 5[5] -> 6[6] via P2P/CUMEM
nccl-2node-master-0:132:207 [1] NCCL INFO Channel 02/0 : 1[1] -> 2[2] via P2P/CUMEM
nccl-2node-master-0:135:209 [4] NCCL INFO Channel 03/0 : 4[4] -> 5[5] via P2P/CUMEM
nccl-2node-master-0:137:211 [6] NCCL INFO Channel 01/0 : 6[6] -> 7[7] via P2P/CUMEM
nccl-2node-master-0:137:211 [6] NCCL INFO Channel 02/0 : 6[6] -> 7[7] via P2P/CUMEM
nccl-2node-master-0:134:210 [3] NCCL INFO Channel 00/0 : 3[3] -> 4[4] via P2P/CUMEM
nccl-2node-master-0:132:207 [1] NCCL INFO Channel 03/0 : 1[1] -> 2[2] via P2P/CUMEM
nccl-2node-master-0:136:206 [5] NCCL INFO Channel 04/0 : 5[5] -> 6[6] via P2P/CUMEM
nccl-2node-master-0:135:209 [4] NCCL INFO Channel 04/0 : 4[4] -> 5[5] via P2P/CUMEM
nccl-2node-master-0:135:209 [4] NCCL INFO Channel 05/0 : 4[4] -> 5[5] via P2P/CUMEM
nccl-2node-master-0:134:210 [3] NCCL INFO Channel 01/0 : 3[3] -> 4[4] via P2P/CUMEM
nccl-2node-master-0:136:206 [5] NCCL INFO Channel 05/0 : 5[5] -> 6[6] via P2P/CUMEM
nccl-2node-master-0:132:207 [1] NCCL INFO Channel 04/0 : 1[1] -> 2[2] via P2P/CUMEM
nccl-2node-master-0:137:211 [6] NCCL INFO Channel 03/0 : 6[6] -> 7[7] via P2P/CUMEM
nccl-2node-master-0:133:208 [2] NCCL INFO Channel 00/0 : 2[2] -> 3[3] via P2P/CUMEM
nccl-2node-master-0:134:210 [3] NCCL INFO Channel 02/0 : 3[3] -> 4[4] via P2P/CUMEM
nccl-2node-master-0:136:206 [5] NCCL INFO Channel 06/0 : 5[5] -> 6[6] via P2P/CUMEM
nccl-2node-master-0:132:207 [1] NCCL INFO Channel 05/0 : 1[1] -> 2[2] via P2P/CUMEM
nccl-2node-master-0:135:209 [4] NCCL INFO Channel 06/0 : 4[4] -> 5[5] via P2P/CUMEM
nccl-2node-master-0:134:210 [3] NCCL INFO Channel 03/0 : 3[3] -> 4[4] via P2P/CUMEM
nccl-2node-master-0:133:208 [2] NCCL INFO Channel 01/0 : 2[2] -> 3[3] via P2P/CUMEM
nccl-2node-master-0:136:206 [5] NCCL INFO Channel 07/0 : 5[5] -> 6[6] via P2P/CUMEM
nccl-2node-master-0:132:207 [1] NCCL INFO Channel 06/0 : 1[1] -> 2[2] via P2P/CUMEM
nccl-2node-master-0:132:207 [1] NCCL INFO Channel 07/0 : 1[1] -> 2[2] via P2P/CUMEM
nccl-2node-master-0:137:211 [6] NCCL INFO Channel 04/0 : 6[6] -> 7[7] via P2P/CUMEM
nccl-2node-master-0:133:208 [2] NCCL INFO Channel 02/0 : 2[2] -> 3[3] via P2P/CUMEM
nccl-2node-master-0:134:210 [3] NCCL INFO Channel 04/0 : 3[3] -> 4[4] via P2P/CUMEM
nccl-2node-master-0:136:206 [5] NCCL INFO Channel 08/0 : 5[5] -> 6[6] via P2P/CUMEM
nccl-2node-master-0:136:206 [5] NCCL INFO Channel 09/0 : 5[5] -> 6[6] via P2P/CUMEM
nccl-2node-master-0:135:209 [4] NCCL INFO Channel 07/0 : 4[4] -> 5[5] via P2P/CUMEM
nccl-2node-master-0:134:210 [3] NCCL INFO Channel 05/0 : 3[3] -> 4[4] via P2P/CUMEM
nccl-2node-master-0:133:208 [2] NCCL INFO Channel 03/0 : 2[2] -> 3[3] via P2P/CUMEM
nccl-2node-master-0:137:211 [6] NCCL INFO Channel 05/0 : 6[6] -> 7[7] via P2P/CUMEM
nccl-2node-master-0:137:211 [6] NCCL INFO Channel 06/0 : 6[6] -> 7[7] via P2P/CUMEM
nccl-2node-master-0:132:207 [1] NCCL INFO Channel 08/0 : 1[1] -> 2[2] via P2P/CUMEM
nccl-2node-master-0:135:209 [4] NCCL INFO Channel 08/0 : 4[4] -> 5[5] via P2P/CUMEM
nccl-2node-master-0:133:208 [2] NCCL INFO Channel 04/0 : 2[2] -> 3[3] via P2P/CUMEM
nccl-2node-master-0:134:210 [3] NCCL INFO Channel 06/0 : 3[3] -> 4[4] via P2P/CUMEM
nccl-2node-master-0:134:210 [3] NCCL INFO Channel 07/0 : 3[3] -> 4[4] via P2P/CUMEM
nccl-2node-master-0:136:206 [5] NCCL INFO Channel 10/0 : 5[5] -> 6[6] via P2P/CUMEM
nccl-2node-master-0:135:209 [4] NCCL INFO Channel 09/0 : 4[4] -> 5[5] via P2P/CUMEM
nccl-2node-master-0:132:207 [1] NCCL INFO Channel 09/0 : 1[1] -> 2[2] via P2P/CUMEM
nccl-2node-master-0:133:208 [2] NCCL INFO Channel 05/0 : 2[2] -> 3[3] via P2P/CUMEM
nccl-2node-master-0:137:211 [6] NCCL INFO Channel 07/0 : 6[6] -> 7[7] via P2P/CUMEM
nccl-2node-master-0:136:206 [5] NCCL INFO Channel 11/0 : 5[5] -> 6[6] via P2P/CUMEM
nccl-2node-master-0:133:208 [2] NCCL INFO Channel 06/0 : 2[2] -> 3[3] via P2P/CUMEM
nccl-2node-master-0:132:207 [1] NCCL INFO Channel 10/0 : 1[1] -> 2[2] via P2P/CUMEM
nccl-2node-master-0:135:209 [4] NCCL INFO Channel 10/0 : 4[4] -> 5[5] via P2P/CUMEM
nccl-2node-master-0:135:209 [4] NCCL INFO Channel 11/0 : 4[4] -> 5[5] via P2P/CUMEM
nccl-2node-master-0:134:210 [3] NCCL INFO Channel 08/0 : 3[3] -> 4[4] via P2P/CUMEM
nccl-2node-master-0:133:208 [2] NCCL INFO Channel 07/0 : 2[2] -> 3[3] via P2P/CUMEM
nccl-2node-master-0:132:207 [1] NCCL INFO Channel 11/0 : 1[1] -> 2[2] via P2P/CUMEM
nccl-2node-master-0:132:207 [1] NCCL INFO Channel 12/0 : 1[1] -> 2[2] via P2P/CUMEM
nccl-2node-master-0:136:206 [5] NCCL INFO Channel 12/0 : 5[5] -> 6[6] via P2P/CUMEM
nccl-2node-master-0:137:211 [6] NCCL INFO Channel 08/0 : 6[6] -> 7[7] via P2P/CUMEM
nccl-2node-master-0:134:210 [3] NCCL INFO Channel 09/0 : 3[3] -> 4[4] via P2P/CUMEM
nccl-2node-master-0:133:208 [2] NCCL INFO Channel 08/0 : 2[2] -> 3[3] via P2P/CUMEM
nccl-2node-master-0:133:208 [2] NCCL INFO Channel 09/0 : 2[2] -> 3[3] via P2P/CUMEM
nccl-2node-master-0:135:209 [4] NCCL INFO Channel 12/0 : 4[4] -> 5[5] via P2P/CUMEM
nccl-2node-master-0:136:206 [5] NCCL INFO Channel 13/0 : 5[5] -> 6[6] via P2P/CUMEM
nccl-2node-master-0:137:211 [6] NCCL INFO Channel 09/0 : 6[6] -> 7[7] via P2P/CUMEM
nccl-2node-master-0:134:210 [3] NCCL INFO Channel 10/0 : 3[3] -> 4[4] via P2P/CUMEM
nccl-2node-master-0:132:207 [1] NCCL INFO Channel 13/0 : 1[1] -> 2[2] via P2P/CUMEM
nccl-2node-master-0:135:209 [4] NCCL INFO Channel 13/0 : 4[4] -> 5[5] via P2P/CUMEM
nccl-2node-master-0:134:210 [3] NCCL INFO Channel 11/0 : 3[3] -> 4[4] via P2P/CUMEM
nccl-2node-master-0:136:206 [5] NCCL INFO Channel 14/0 : 5[5] -> 6[6] via P2P/CUMEM
nccl-2node-master-0:137:211 [6] NCCL INFO Channel 10/0 : 6[6] -> 7[7] via P2P/CUMEM
nccl-2node-master-0:133:208 [2] NCCL INFO Channel 10/0 : 2[2] -> 3[3] via P2P/CUMEM
nccl-2node-master-0:134:210 [3] NCCL INFO Channel 12/0 : 3[3] -> 4[4] via P2P/CUMEM
nccl-2node-master-0:136:206 [5] NCCL INFO Channel 15/0 : 5[5] -> 6[6] via P2P/CUMEM
nccl-2node-master-0:132:207 [1] NCCL INFO Channel 14/0 : 1[1] -> 2[2] via P2P/CUMEM
nccl-2node-master-0:137:211 [6] NCCL INFO Channel 11/0 : 6[6] -> 7[7] via P2P/CUMEM
nccl-2node-master-0:137:211 [6] NCCL INFO Channel 12/0 : 6[6] -> 7[7] via P2P/CUMEM
nccl-2node-master-0:134:210 [3] NCCL INFO Channel 13/0 : 3[3] -> 4[4] via P2P/CUMEM
nccl-2node-master-0:135:209 [4] NCCL INFO Channel 14/0 : 4[4] -> 5[5] via P2P/CUMEM
nccl-2node-master-0:132:207 [1] NCCL INFO Channel 15/0 : 1[1] -> 2[2] via P2P/CUMEM
nccl-2node-master-0:133:208 [2] NCCL INFO Channel 11/0 : 2[2] -> 3[3] via P2P/CUMEM
nccl-2node-master-0:135:209 [4] NCCL INFO Channel 15/0 : 4[4] -> 5[5] via P2P/CUMEM
nccl-2node-master-0:137:211 [6] NCCL INFO Channel 13/0 : 6[6] -> 7[7] via P2P/CUMEM
nccl-2node-master-0:133:208 [2] NCCL INFO Channel 12/0 : 2[2] -> 3[3] via P2P/CUMEM
nccl-2node-master-0:134:210 [3] NCCL INFO Channel 14/0 : 3[3] -> 4[4] via P2P/CUMEM
nccl-2node-master-0:137:211 [6] NCCL INFO Channel 14/0 : 6[6] -> 7[7] via P2P/CUMEM
nccl-2node-master-0:133:208 [2] NCCL INFO Channel 13/0 : 2[2] -> 3[3] via P2P/CUMEM
nccl-2node-master-0:134:210 [3] NCCL INFO Channel 15/0 : 3[3] -> 4[4] via P2P/CUMEM
nccl-2node-master-0:137:211 [6] NCCL INFO Channel 15/0 : 6[6] -> 7[7] via P2P/CUMEM
nccl-2node-master-0:133:208 [2] NCCL INFO Channel 14/0 : 2[2] -> 3[3] via P2P/CUMEM
nccl-2node-master-0:133:208 [2] NCCL INFO Channel 15/0 : 2[2] -> 3[3] via P2P/CUMEM
nccl-2node-master-0:138:204 [7] NCCL INFO Channel 00/0 : 7[7] -> 6[6] via P2P/CUMEM
nccl-2node-master-0:138:204 [7] NCCL INFO Channel 01/0 : 7[7] -> 6[6] via P2P/CUMEM
nccl-2node-master-0:138:204 [7] NCCL INFO Channel 02/0 : 7[7] -> 6[6] via P2P/CUMEM
nccl-2node-master-0:138:204 [7] NCCL INFO Channel 03/0 : 7[7] -> 6[6] via P2P/CUMEM
nccl-2node-master-0:138:204 [7] NCCL INFO Channel 04/0 : 7[7] -> 6[6] via P2P/CUMEM
nccl-2node-master-0:131:205 [0] NCCL INFO Channel 00/0 : 8[0] -> 0[0] [receive] via NET/Socket/0
nccl-2node-master-0:131:205 [0] NCCL INFO Channel 01/0 : 8[0] -> 0[0] [receive] via NET/Socket/0
nccl-2node-master-0:131:205 [0] NCCL INFO Channel 02/0 : 8[0] -> 0[0] [receive] via NET/Socket/0
nccl-2node-master-0:131:205 [0] NCCL INFO Channel 03/0 : 8[0] -> 0[0] [receive] via NET/Socket/0
nccl-2node-master-0:131:205 [0] NCCL INFO Channel 04/0 : 8[0] -> 0[0] [receive] via NET/Socket/0
nccl-2node-master-0:138:204 [7] NCCL INFO Channel 05/0 : 7[7] -> 6[6] via P2P/CUMEM
nccl-2node-master-0:131:205 [0] NCCL INFO Channel 05/0 : 8[0] -> 0[0] [receive] via NET/Socket/0
nccl-2node-master-0:131:205 [0] NCCL INFO Channel 06/0 : 8[0] -> 0[0] [receive] via NET/Socket/0
nccl-2node-master-0:131:205 [0] NCCL INFO Channel 07/0 : 8[0] -> 0[0] [receive] via NET/Socket/0
nccl-2node-master-0:131:205 [0] NCCL INFO Channel 08/0 : 8[0] -> 0[0] [receive] via NET/Socket/0
nccl-2node-master-0:131:205 [0] NCCL INFO Channel 09/0 : 8[0] -> 0[0] [receive] via NET/Socket/0
nccl-2node-master-0:131:205 [0] NCCL INFO Channel 10/0 : 8[0] -> 0[0] [receive] via NET/Socket/0
nccl-2node-master-0:138:204 [7] NCCL INFO Channel 06/0 : 7[7] -> 6[6] via P2P/CUMEM
nccl-2node-master-0:131:205 [0] NCCL INFO Channel 11/0 : 8[0] -> 0[0] [receive] via NET/Socket/0
nccl-2node-master-0:131:205 [0] NCCL INFO Channel 12/0 : 8[0] -> 0[0] [receive] via NET/Socket/0
nccl-2node-master-0:131:205 [0] NCCL INFO Channel 13/0 : 8[0] -> 0[0] [receive] via NET/Socket/0
nccl-2node-master-0:138:204 [7] NCCL INFO Channel 07/0 : 7[7] -> 6[6] via P2P/CUMEM
nccl-2node-master-0:131:205 [0] NCCL INFO Channel 14/0 : 8[0] -> 0[0] [receive] via NET/Socket/0
nccl-2node-master-0:131:205 [0] NCCL INFO Channel 15/0 : 8[0] -> 0[0] [receive] via NET/Socket/0
nccl-2node-master-0:131:205 [0] NCCL INFO Channel 00/0 : 0[0] -> 8[0] [send] via NET/Socket/0
nccl-2node-master-0:131:205 [0] NCCL INFO Channel 01/0 : 0[0] -> 8[0] [send] via NET/Socket/0
nccl-2node-master-0:131:205 [0] NCCL INFO Channel 02/0 : 0[0] -> 8[0] [send] via NET/Socket/0
nccl-2node-master-0:131:205 [0] NCCL INFO Channel 03/0 : 0[0] -> 8[0] [send] via NET/Socket/0
nccl-2node-master-0:131:205 [0] NCCL INFO Channel 04/0 : 0[0] -> 8[0] [send] via NET/Socket/0
nccl-2node-master-0:138:204 [7] NCCL INFO Channel 08/0 : 7[7] -> 6[6] via P2P/CUMEM
nccl-2node-master-0:131:205 [0] NCCL INFO Channel 05/0 : 0[0] -> 8[0] [send] via NET/Socket/0
nccl-2node-master-0:131:205 [0] NCCL INFO Channel 06/0 : 0[0] -> 8[0] [send] via NET/Socket/0
nccl-2node-master-0:131:205 [0] NCCL INFO Channel 07/0 : 0[0] -> 8[0] [send] via NET/Socket/0
nccl-2node-master-0:131:205 [0] NCCL INFO Channel 08/0 : 0[0] -> 8[0] [send] via NET/Socket/0
nccl-2node-master-0:131:205 [0] NCCL INFO Channel 09/0 : 0[0] -> 8[0] [send] via NET/Socket/0
nccl-2node-master-0:131:205 [0] NCCL INFO Channel 10/0 : 0[0] -> 8[0] [send] via NET/Socket/0
nccl-2node-master-0:131:205 [0] NCCL INFO Channel 11/0 : 0[0] -> 8[0] [send] via NET/Socket/0
nccl-2node-master-0:131:205 [0] NCCL INFO Channel 12/0 : 0[0] -> 8[0] [send] via NET/Socket/0
nccl-2node-master-0:131:205 [0] NCCL INFO Channel 13/0 : 0[0] -> 8[0] [send] via NET/Socket/0
nccl-2node-master-0:131:205 [0] NCCL INFO Channel 14/0 : 0[0] -> 8[0] [send] via NET/Socket/0
nccl-2node-master-0:138:204 [7] NCCL INFO Channel 09/0 : 7[7] -> 6[6] via P2P/CUMEM
nccl-2node-master-0:131:205 [0] NCCL INFO Channel 15/0 : 0[0] -> 8[0] [send] via NET/Socket/0
nccl-2node-master-0:138:204 [7] NCCL INFO Channel 10/0 : 7[7] -> 6[6] via P2P/CUMEM
nccl-2node-master-0:138:204 [7] NCCL INFO Channel 11/0 : 7[7] -> 6[6] via P2P/CUMEM
nccl-2node-master-0:138:204 [7] NCCL INFO Channel 12/0 : 7[7] -> 6[6] via P2P/CUMEM
nccl-2node-master-0:138:204 [7] NCCL INFO Channel 13/0 : 7[7] -> 6[6] via P2P/CUMEM
nccl-2node-master-0:138:204 [7] NCCL INFO Channel 14/0 : 7[7] -> 6[6] via P2P/CUMEM
nccl-2node-master-0:138:204 [7] NCCL INFO Channel 15/0 : 7[7] -> 6[6] via P2P/CUMEM
nccl-2node-master-0:137:211 [6] NCCL INFO Channel 00/0 : 6[6] -> 5[5] via P2P/CUMEM
nccl-2node-master-0:136:206 [5] NCCL INFO Channel 00/0 : 5[5] -> 4[4] via P2P/CUMEM
nccl-2node-master-0:137:211 [6] NCCL INFO Channel 01/0 : 6[6] -> 5[5] via P2P/CUMEM
nccl-2node-master-0:137:211 [6] NCCL INFO Channel 02/0 : 6[6] -> 5[5] via P2P/CUMEM
nccl-2node-master-0:135:209 [4] NCCL INFO Channel 00/0 : 4[4] -> 3[3] via P2P/CUMEM
nccl-2node-master-0:136:206 [5] NCCL INFO Channel 01/0 : 5[5] -> 4[4] via P2P/CUMEM
nccl-2node-master-0:132:207 [1] NCCL INFO Channel 00/0 : 1[1] -> 0[0] via P2P/CUMEM
nccl-2node-master-0:132:207 [1] NCCL INFO Channel 01/0 : 1[1] -> 0[0] via P2P/CUMEM
nccl-2node-master-0:135:209 [4] NCCL INFO Channel 01/0 : 4[4] -> 3[3] via P2P/CUMEM
nccl-2node-master-0:136:206 [5] NCCL INFO Channel 02/0 : 5[5] -> 4[4] via P2P/CUMEM
nccl-2node-master-0:136:206 [5] NCCL INFO Channel 03/0 : 5[5] -> 4[4] via P2P/CUMEM
nccl-2node-master-0:137:211 [6] NCCL INFO Channel 03/0 : 6[6] -> 5[5] via P2P/CUMEM
nccl-2node-master-0:132:207 [1] NCCL INFO Channel 02/0 : 1[1] -> 0[0] via P2P/CUMEM
nccl-2node-master-0:135:209 [4] NCCL INFO Channel 02/0 : 4[4] -> 3[3] via P2P/CUMEM
nccl-2node-master-0:135:209 [4] NCCL INFO Channel 03/0 : 4[4] -> 3[3] via P2P/CUMEM
nccl-2node-master-0:137:211 [6] NCCL INFO Channel 04/0 : 6[6] -> 5[5] via P2P/CUMEM
nccl-2node-master-0:136:206 [5] NCCL INFO Channel 04/0 : 5[5] -> 4[4] via P2P/CUMEM
nccl-2node-master-0:132:207 [1] NCCL INFO Channel 03/0 : 1[1] -> 0[0] via P2P/CUMEM
nccl-2node-master-0:137:211 [6] NCCL INFO Channel 05/0 : 6[6] -> 5[5] via P2P/CUMEM
nccl-2node-master-0:136:206 [5] NCCL INFO Channel 05/0 : 5[5] -> 4[4] via P2P/CUMEM
nccl-2node-master-0:135:209 [4] NCCL INFO Channel 04/0 : 4[4] -> 3[3] via P2P/CUMEM
nccl-2node-master-0:132:207 [1] NCCL INFO Channel 04/0 : 1[1] -> 0[0] via P2P/CUMEM
nccl-2node-master-0:134:210 [3] NCCL INFO Channel 00/0 : 3[3] -> 2[2] via P2P/CUMEM
nccl-2node-master-0:137:211 [6] NCCL INFO Channel 06/0 : 6[6] -> 5[5] via P2P/CUMEM
nccl-2node-master-0:136:206 [5] NCCL INFO Channel 06/0 : 5[5] -> 4[4] via P2P/CUMEM
nccl-2node-master-0:132:207 [1] NCCL INFO Channel 05/0 : 1[1] -> 0[0] via P2P/CUMEM
nccl-2node-master-0:135:209 [4] NCCL INFO Channel 05/0 : 4[4] -> 3[3] via P2P/CUMEM
nccl-2node-master-0:135:209 [4] NCCL INFO Channel 06/0 : 4[4] -> 3[3] via P2P/CUMEM
nccl-2node-master-0:137:211 [6] NCCL INFO Channel 07/0 : 6[6] -> 5[5] via P2P/CUMEM
nccl-2node-master-0:132:207 [1] NCCL INFO Channel 06/0 : 1[1] -> 0[0] via P2P/CUMEM
nccl-2node-master-0:136:206 [5] NCCL INFO Channel 07/0 : 5[5] -> 4[4] via P2P/CUMEM
nccl-2node-master-0:136:206 [5] NCCL INFO Channel 08/0 : 5[5] -> 4[4] via P2P/CUMEM
nccl-2node-master-0:134:210 [3] NCCL INFO Channel 01/0 : 3[3] -> 2[2] via P2P/CUMEM
nccl-2node-master-0:132:207 [1] NCCL INFO Channel 07/0 : 1[1] -> 0[0] via P2P/CUMEM
nccl-2node-master-0:135:209 [4] NCCL INFO Channel 07/0 : 4[4] -> 3[3] via P2P/CUMEM
nccl-2node-master-0:137:211 [6] NCCL INFO Channel 08/0 : 6[6] -> 5[5] via P2P/CUMEM
nccl-2node-master-0:137:211 [6] NCCL INFO Channel 09/0 : 6[6] -> 5[5] via P2P/CUMEM
nccl-2node-master-0:133:208 [2] NCCL INFO Channel 00/0 : 2[2] -> 1[1] via P2P/CUMEM
nccl-2node-master-0:134:210 [3] NCCL INFO Channel 02/0 : 3[3] -> 2[2] via P2P/CUMEM
nccl-2node-master-0:132:207 [1] NCCL INFO Channel 08/0 : 1[1] -> 0[0] via P2P/CUMEM
nccl-2node-master-0:135:209 [4] NCCL INFO Channel 08/0 : 4[4] -> 3[3] via P2P/CUMEM
nccl-2node-master-0:135:209 [4] NCCL INFO Channel 09/0 : 4[4] -> 3[3] via P2P/CUMEM
nccl-2node-master-0:134:210 [3] NCCL INFO Channel 03/0 : 3[3] -> 2[2] via P2P/CUMEM
nccl-2node-master-0:136:206 [5] NCCL INFO Channel 09/0 : 5[5] -> 4[4] via P2P/CUMEM
nccl-2node-master-0:132:207 [1] NCCL INFO Channel 09/0 : 1[1] -> 0[0] via P2P/CUMEM
nccl-2node-master-0:132:207 [1] NCCL INFO Channel 10/0 : 1[1] -> 0[0] via P2P/CUMEM
nccl-2node-master-0:137:211 [6] NCCL INFO Channel 10/0 : 6[6] -> 5[5] via P2P/CUMEM
nccl-2node-master-0:133:208 [2] NCCL INFO Channel 01/0 : 2[2] -> 1[1] via P2P/CUMEM
nccl-2node-master-0:136:206 [5] NCCL INFO Channel 10/0 : 5[5] -> 4[4] via P2P/CUMEM
nccl-2node-master-0:135:209 [4] NCCL INFO Channel 10/0 : 4[4] -> 3[3] via P2P/CUMEM
nccl-2node-master-0:134:210 [3] NCCL INFO Channel 04/0 : 3[3] -> 2[2] via P2P/CUMEM
nccl-2node-master-0:132:207 [1] NCCL INFO Channel 11/0 : 1[1] -> 0[0] via P2P/CUMEM
nccl-2node-master-0:136:206 [5] NCCL INFO Channel 11/0 : 5[5] -> 4[4] via P2P/CUMEM
nccl-2node-master-0:135:209 [4] NCCL INFO Channel 11/0 : 4[4] -> 3[3] via P2P/CUMEM
nccl-2node-master-0:135:209 [4] NCCL INFO Channel 12/0 : 4[4] -> 3[3] via P2P/CUMEM
nccl-2node-master-0:137:211 [6] NCCL INFO Channel 11/0 : 6[6] -> 5[5] via P2P/CUMEM
nccl-2node-master-0:132:207 [1] NCCL INFO Channel 12/0 : 1[1] -> 0[0] via P2P/CUMEM
nccl-2node-master-0:134:210 [3] NCCL INFO Channel 05/0 : 3[3] -> 2[2] via P2P/CUMEM
nccl-2node-master-0:136:206 [5] NCCL INFO Channel 12/0 : 5[5] -> 4[4] via P2P/CUMEM
nccl-2node-master-0:133:208 [2] NCCL INFO Channel 02/0 : 2[2] -> 1[1] via P2P/CUMEM
nccl-2node-master-0:132:207 [1] NCCL INFO Channel 13/0 : 1[1] -> 0[0] via P2P/CUMEM
nccl-2node-master-0:134:210 [3] NCCL INFO Channel 06/0 : 3[3] -> 2[2] via P2P/CUMEM
nccl-2node-master-0:136:206 [5] NCCL INFO Channel 13/0 : 5[5] -> 4[4] via P2P/CUMEM
nccl-2node-master-0:136:206 [5] NCCL INFO Channel 14/0 : 5[5] -> 4[4] via P2P/CUMEM
nccl-2node-master-0:133:208 [2] NCCL INFO Channel 03/0 : 2[2] -> 1[1] via P2P/CUMEM
nccl-2node-master-0:132:207 [1] NCCL INFO Channel 14/0 : 1[1] -> 0[0] via P2P/CUMEM
nccl-2node-master-0:135:209 [4] NCCL INFO Channel 13/0 : 4[4] -> 3[3] via P2P/CUMEM
nccl-2node-master-0:134:210 [3] NCCL INFO Channel 07/0 : 3[3] -> 2[2] via P2P/CUMEM
nccl-2node-master-0:134:210 [3] NCCL INFO Channel 08/0 : 3[3] -> 2[2] via P2P/CUMEM
nccl-2node-master-0:137:211 [6] NCCL INFO Channel 12/0 : 6[6] -> 5[5] via P2P/CUMEM
nccl-2node-master-0:132:207 [1] NCCL INFO Channel 15/0 : 1[1] -> 0[0] via P2P/CUMEM
nccl-2node-master-0:135:209 [4] NCCL INFO Channel 14/0 : 4[4] -> 3[3] via P2P/CUMEM
nccl-2node-master-0:135:209 [4] NCCL INFO Channel 15/0 : 4[4] -> 3[3] via P2P/CUMEM
nccl-2node-master-0:136:206 [5] NCCL INFO Channel 15/0 : 5[5] -> 4[4] via P2P/CUMEM
nccl-2node-master-0:134:210 [3] NCCL INFO Channel 09/0 : 3[3] -> 2[2] via P2P/CUMEM
nccl-2node-master-0:137:211 [6] NCCL INFO Channel 13/0 : 6[6] -> 5[5] via P2P/CUMEM
nccl-2node-master-0:137:211 [6] NCCL INFO Channel 14/0 : 6[6] -> 5[5] via P2P/CUMEM
nccl-2node-master-0:133:208 [2] NCCL INFO Channel 04/0 : 2[2] -> 1[1] via P2P/CUMEM
nccl-2node-master-0:134:210 [3] NCCL INFO Channel 10/0 : 3[3] -> 2[2] via P2P/CUMEM
nccl-2node-master-0:137:211 [6] NCCL INFO Channel 15/0 : 6[6] -> 5[5] via P2P/CUMEM
nccl-2node-master-0:133:208 [2] NCCL INFO Channel 05/0 : 2[2] -> 1[1] via P2P/CUMEM
nccl-2node-master-0:134:210 [3] NCCL INFO Channel 11/0 : 3[3] -> 2[2] via P2P/CUMEM
nccl-2node-master-0:133:208 [2] NCCL INFO Channel 06/0 : 2[2] -> 1[1] via P2P/CUMEM
nccl-2node-master-0:134:210 [3] NCCL INFO Channel 12/0 : 3[3] -> 2[2] via P2P/CUMEM
nccl-2node-master-0:133:208 [2] NCCL INFO Channel 07/0 : 2[2] -> 1[1] via P2P/CUMEM
nccl-2node-master-0:134:210 [3] NCCL INFO Channel 13/0 : 3[3] -> 2[2] via P2P/CUMEM
nccl-2node-master-0:133:208 [2] NCCL INFO Channel 08/0 : 2[2] -> 1[1] via P2P/CUMEM
nccl-2node-master-0:134:210 [3] NCCL INFO Channel 14/0 : 3[3] -> 2[2] via P2P/CUMEM
nccl-2node-master-0:133:208 [2] NCCL INFO Channel 09/0 : 2[2] -> 1[1] via P2P/CUMEM
nccl-2node-master-0:134:210 [3] NCCL INFO Channel 15/0 : 3[3] -> 2[2] via P2P/CUMEM
nccl-2node-master-0:133:208 [2] NCCL INFO Channel 10/0 : 2[2] -> 1[1] via P2P/CUMEM
nccl-2node-master-0:133:208 [2] NCCL INFO Channel 11/0 : 2[2] -> 1[1] via P2P/CUMEM
nccl-2node-master-0:133:208 [2] NCCL INFO Channel 12/0 : 2[2] -> 1[1] via P2P/CUMEM
nccl-2node-master-0:133:208 [2] NCCL INFO Channel 13/0 : 2[2] -> 1[1] via P2P/CUMEM
nccl-2node-master-0:133:208 [2] NCCL INFO Channel 14/0 : 2[2] -> 1[1] via P2P/CUMEM
nccl-2node-master-0:133:208 [2] NCCL INFO Channel 15/0 : 2[2] -> 1[1] via P2P/CUMEM
nccl-2node-master-0:138:204 [7] NCCL INFO Connected all trees
nccl-2node-master-0:137:211 [6] NCCL INFO Connected all trees
nccl-2node-master-0:136:206 [5] NCCL INFO Connected all trees
nccl-2node-master-0:135:209 [4] NCCL INFO Connected all trees
nccl-2node-master-0:134:210 [3] NCCL INFO Connected all trees
nccl-2node-master-0:133:208 [2] NCCL INFO Connected all trees
nccl-2node-master-0:131:205 [0] NCCL INFO Connected all trees
nccl-2node-master-0:132:207 [1] NCCL INFO Connected all trees
[rank 0] size=0.000GB time=0.43ms busBw=0.0 GB/s
nccl-2node-master-0:133:215 [2] NCCL INFO NVLS comm 0x564ffb244010 headRank -1 nHeads 1 buffSize 1048576 nvlsPerRankSize 33554432 nvlsTotalSize 33554432
nccl-2node-master-0:138:214 [7] NCCL INFO NVLS comm 0x55654c6d4af0 headRank -1 nHeads 1 buffSize 1048576 nvlsPerRankSize 33554432 nvlsTotalSize 33554432
nccl-2node-master-0:131:217 [0] NCCL INFO NVLS comm 0x55b5446ecd50 headRank 0 nHeads 1 buffSize 1048576 nvlsPerRankSize 33554432 nvlsTotalSize 33554432
nccl-2node-master-0:136:220 [5] NCCL INFO NVLS comm 0x55f9fe017330 headRank -1 nHeads 1 buffSize 1048576 nvlsPerRankSize 33554432 nvlsTotalSize 33554432
nccl-2node-master-0:135:216 [4] NCCL INFO NVLS comm 0x55aad6f9a510 headRank -1 nHeads 1 buffSize 1048576 nvlsPerRankSize 33554432 nvlsTotalSize 33554432
nccl-2node-master-0:132:218 [1] NCCL INFO NVLS comm 0x5566a4be1c60 headRank -1 nHeads 1 buffSize 1048576 nvlsPerRankSize 33554432 nvlsTotalSize 33554432
nccl-2node-master-0:137:219 [6] NCCL INFO NVLS comm 0x5586758b6f40 headRank -1 nHeads 1 buffSize 1048576 nvlsPerRankSize 33554432 nvlsTotalSize 33554432
nccl-2node-master-0:134:213 [3] NCCL INFO NVLS comm 0x558cc7124ee0 headRank -1 nHeads 1 buffSize 1048576 nvlsPerRankSize 33554432 nvlsTotalSize 33554432
nccl-2node-master-0:133:215 [2] NCCL INFO Connected NVLS tree
nccl-2node-master-0:131:217 [0] NCCL INFO Connected NVLS tree
nccl-2node-master-0:137:219 [6] NCCL INFO Connected NVLS tree
nccl-2node-master-0:132:218 [1] NCCL INFO Connected NVLS tree
nccl-2node-master-0:136:220 [5] NCCL INFO Connected NVLS tree
nccl-2node-master-0:138:214 [7] NCCL INFO Connected NVLS tree
nccl-2node-master-0:135:216 [4] NCCL INFO Connected NVLS tree
nccl-2node-master-0:134:213 [3] NCCL INFO Connected NVLS tree
[rank 0] size=0.001GB time=1.27ms busBw=1.5 GB/s
[rank 0] size=0.017GB time=12.59ms busBw=2.5 GB/s
[rank 0] size=0.268GB time=187.75ms busBw=2.7 GB/s
[rank 0] size=1.074GB time=621.11ms busBw=3.2 GB/s
[rank 0] size=4.295GB time=2547.24ms busBw=3.2 GB/s
[rank 0] size=8.590GB time=5122.07ms busBw=3.1 GB/s
[rank 0] size=17.180GB time=9617.75ms busBw=3.3 GB/s
nccl-2node-master-0:132:222 [1] NCCL INFO misc/socket.cc:47 -> 3
nccl-2node-master-0:132:222 [1] NCCL INFO misc/socket.cc:550 -> 3
nccl-2node-master-0:132:222 [1] NCCL INFO misc/socket.cc:573 -> 3
nccl-2node-master-0:132:222 [1] NCCL INFO misc/socket.cc:621 -> 3
nccl-2node-master-0:138:221 [7] NCCL INFO misc/socket.cc:47 -> 3
nccl-2node-master-0:138:221 [7] NCCL INFO misc/socket.cc:550 -> 3
nccl-2node-master-0:132:222 [1] NCCL INFO misc/socket.cc:47 -> 3
nccl-2node-master-0:138:221 [7] NCCL INFO misc/socket.cc:573 -> 3
nccl-2node-master-0:132:222 [1] NCCL INFO misc/socket.cc:58 -> 3
nccl-2node-master-0:138:221 [7] NCCL INFO misc/socket.cc:621 -> 3
nccl-2node-master-0:132:222 [1] NCCL INFO misc/socket.cc:775 -> 3
nccl-2node-master-0:138:188 [7] NCCL INFO misc/socket.cc:47 -> 3
nccl-2node-master-0:138:188 [7] NCCL INFO misc/socket.cc:752 -> 3
nccl-2node-master-0:138:188 [7] NCCL INFO misc/socket.cc:428 -> 3
nccl-2node-master-0:138:188 [7] NCCL INFO misc/socket.cc:564 -> 3
nccl-2node-master-0:138:188 [7] NCCL INFO misc/socket.cc:668 -> 3
nccl-2node-master-0:132:196 [1] NCCL INFO misc/socket.cc:47 -> 3
nccl-2node-master-0:132:196 [1] NCCL INFO misc/socket.cc:752 -> 3

nccl-2node-master-0:138:188 [7] proxy.cc:1458 NCCL WARN [Service thread] Accept failed Resource temporarily unavailable
nccl-2node-master-0:132:196 [1] NCCL INFO misc/socket.cc:428 -> 3
nccl-2node-master-0:132:196 [1] NCCL INFO misc/socket.cc:564 -> 3
nccl-2node-master-0:132:196 [1] NCCL INFO misc/socket.cc:668 -> 3
nccl-2node-master-0:138:221 [7] NCCL INFO misc/socket.cc:47 -> 3

nccl-2node-master-0:132:196 [1] proxy.cc:1458 NCCL WARN [Service thread] Accept failed Resource temporarily unavailable
nccl-2node-master-0:138:221 [7] NCCL INFO misc/socket.cc:58 -> 3
nccl-2node-master-0:132:196 [1] NCCL INFO misc/socket.cc:826 -> 3
nccl-2node-master-0:138:221 [7] NCCL INFO misc/socket.cc:775 -> 3

nccl-2node-master-0:132:196 [1] proxy.cc:1497 NCCL WARN [Service thread] Could not receive type from localRank 1, res=3, closed=0
nccl-2node-master-0:133:223 [2] NCCL INFO misc/socket.cc:47 -> 3
nccl-2node-master-0:138:188 [7] NCCL INFO misc/socket.cc:826 -> 3
nccl-2node-master-0:133:223 [2] NCCL INFO misc/socket.cc:550 -> 3

nccl-2node-master-0:138:188 [7] proxy.cc:1497 NCCL WARN [Service thread] Could not receive type from localRank 7, res=3, closed=0
nccl-2node-master-0:133:223 [2] NCCL INFO misc/socket.cc:573 -> 3
nccl-2node-master-0:133:223 [2] NCCL INFO misc/socket.cc:621 -> 3

nccl-2node-master-0:138:188 [7] proxy.cc:1521 NCCL WARN [Proxy Service 7] Failed to execute operation Close from rank 7, retcode 3
nccl-2node-master-0:134:224 [3] NCCL INFO misc/socket.cc:47 -> 3
nccl-2node-master-0:134:224 [3] NCCL INFO misc/socket.cc:550 -> 3
nccl-2node-master-0:134:224 [3] NCCL INFO misc/socket.cc:573 -> 3

nccl-2node-master-0:132:196 [1] proxy.cc:1521 NCCL WARN [Proxy Service 1] Failed to execute operation Close from rank 1, retcode 3
nccl-2node-master-0:134:224 [3] NCCL INFO misc/socket.cc:621 -> 3
nccl-2node-master-0:133:223 [2] NCCL INFO misc/socket.cc:47 -> 3
nccl-2node-master-0:133:223 [2] NCCL INFO misc/socket.cc:58 -> 3
nccl-2node-master-0:133:223 [2] NCCL INFO misc/socket.cc:775 -> 3
nccl-2node-master-0:134:224 [3] NCCL INFO misc/socket.cc:47 -> 3
nccl-2node-master-0:133:192 [2] NCCL INFO misc/socket.cc:47 -> 3
nccl-2node-master-0:133:192 [2] NCCL INFO misc/socket.cc:752 -> 3
nccl-2node-master-0:134:224 [3] NCCL INFO misc/socket.cc:58 -> 3
nccl-2node-master-0:133:192 [2] NCCL INFO misc/socket.cc:428 -> 3
nccl-2node-master-0:134:224 [3] NCCL INFO misc/socket.cc:775 -> 3
nccl-2node-master-0:133:192 [2] NCCL INFO misc/socket.cc:564 -> 3
nccl-2node-master-0:133:192 [2] NCCL INFO misc/socket.cc:668 -> 3
nccl-2node-master-0:134:194 [3] NCCL INFO misc/socket.cc:47 -> 3
nccl-2node-master-0:134:194 [3] NCCL INFO misc/socket.cc:752 -> 3

nccl-2node-master-0:133:192 [2] proxy.cc:1458 NCCL WARN [Service thread] Accept failed Resource temporarily unavailable
nccl-2node-master-0:134:194 [3] NCCL INFO misc/socket.cc:428 -> 3
nccl-2node-master-0:134:194 [3] NCCL INFO misc/socket.cc:564 -> 3
nccl-2node-master-0:134:194 [3] NCCL INFO misc/socket.cc:668 -> 3
nccl-2node-master-0:133:192 [2] NCCL INFO misc/socket.cc:826 -> 3

nccl-2node-master-0:134:194 [3] proxy.cc:1458 NCCL WARN [Service thread] Accept failed Resource temporarily unavailable

nccl-2node-master-0:133:192 [2] proxy.cc:1497 NCCL WARN [Service thread] Could not receive type from localRank 2, res=3, closed=0

nccl-2node-master-0:133:192 [2] proxy.cc:1521 NCCL WARN [Proxy Service 2] Failed to execute operation Close from rank 2, retcode 3
nccl-2node-master-0:134:194 [3] NCCL INFO misc/socket.cc:826 -> 3

nccl-2node-master-0:134:194 [3] proxy.cc:1497 NCCL WARN [Service thread] Could not receive type from localRank 3, res=3, closed=0

nccl-2node-master-0:134:194 [3] proxy.cc:1521 NCCL WARN [Proxy Service 3] Failed to execute operation Close from rank 3, retcode 3
nccl-2node-master-0:131:225 [0] NCCL INFO misc/socket.cc:47 -> 3
nccl-2node-master-0:131:225 [0] NCCL INFO misc/socket.cc:550 -> 3
nccl-2node-master-0:131:225 [0] NCCL INFO misc/socket.cc:573 -> 3
nccl-2node-master-0:131:225 [0] NCCL INFO misc/socket.cc:621 -> 3
nccl-2node-master-0:135:227 [4] NCCL INFO misc/socket.cc:47 -> 3
nccl-2node-master-0:135:227 [4] NCCL INFO misc/socket.cc:550 -> 3
nccl-2node-master-0:135:227 [4] NCCL INFO misc/socket.cc:573 -> 3
nccl-2node-master-0:135:227 [4] NCCL INFO misc/socket.cc:621 -> 3
nccl-2node-master-0:135:227 [4] NCCL INFO misc/socket.cc:47 -> 3
nccl-2node-master-0:135:227 [4] NCCL INFO misc/socket.cc:58 -> 3
nccl-2node-master-0:135:227 [4] NCCL INFO misc/socket.cc:775 -> 3
nccl-2node-master-0:131:197 [0] NCCL INFO misc/socket.cc:47 -> 3
nccl-2node-master-0:131:197 [0] NCCL INFO misc/socket.cc:752 -> 3
nccl-2node-master-0:131:197 [0] NCCL INFO misc/socket.cc:428 -> 3
nccl-2node-master-0:131:197 [0] NCCL INFO misc/socket.cc:564 -> 3
nccl-2node-master-0:131:225 [0] NCCL INFO misc/socket.cc:47 -> 3
nccl-2node-master-0:131:225 [0] NCCL INFO misc/socket.cc:58 -> 3
nccl-2node-master-0:131:225 [0] NCCL INFO misc/socket.cc:775 -> 3
nccl-2node-master-0:135:190 [4] NCCL INFO misc/socket.cc:47 -> 3
nccl-2node-master-0:131:197 [0] NCCL INFO misc/socket.cc:668 -> 3
nccl-2node-master-0:135:190 [4] NCCL INFO misc/socket.cc:752 -> 3
nccl-2node-master-0:135:190 [4] NCCL INFO misc/socket.cc:428 -> 3

nccl-2node-master-0:131:197 [0] proxy.cc:1458 NCCL WARN [Service thread] Accept failed Resource temporarily unavailable
nccl-2node-master-0:135:190 [4] NCCL INFO misc/socket.cc:564 -> 3
nccl-2node-master-0:135:190 [4] NCCL INFO misc/socket.cc:668 -> 3
nccl-2node-master-0:137:226 [6] NCCL INFO misc/socket.cc:47 -> 3
nccl-2node-master-0:131:197 [0] NCCL INFO misc/socket.cc:826 -> 3
nccl-2node-master-0:137:226 [6] NCCL INFO misc/socket.cc:550 -> 3

nccl-2node-master-0:131:197 [0] proxy.cc:1497 NCCL WARN [Service thread] Could not receive type from localRank 0, res=3, closed=0

nccl-2node-master-0:135:190 [4] proxy.cc:1458 NCCL WARN [Service thread] Accept failed Resource temporarily unavailable
nccl-2node-master-0:137:226 [6] NCCL INFO misc/socket.cc:573 -> 3

nccl-2node-master-0:131:197 [0] proxy.cc:1521 NCCL WARN [Proxy Service 0] Failed to execute operation Close from rank 0, retcode 3
nccl-2node-master-0:137:226 [6] NCCL INFO misc/socket.cc:621 -> 3
nccl-2node-master-0:135:190 [4] NCCL INFO misc/socket.cc:826 -> 3

nccl-2node-master-0:135:190 [4] proxy.cc:1497 NCCL WARN [Service thread] Could not receive type from localRank 4, res=3, closed=0
nccl-2node-master-0:137:189 [6] NCCL INFO misc/socket.cc:47 -> 3

nccl-2node-master-0:135:190 [4] proxy.cc:1521 NCCL WARN [Proxy Service 4] Failed to execute operation Close from rank 4, retcode 3
nccl-2node-master-0:137:189 [6] NCCL INFO misc/socket.cc:752 -> 3
nccl-2node-master-0:137:226 [6] NCCL INFO misc/socket.cc:47 -> 3
nccl-2node-master-0:137:226 [6] NCCL INFO misc/socket.cc:58 -> 3
nccl-2node-master-0:137:226 [6] NCCL INFO misc/socket.cc:775 -> 3
nccl-2node-master-0:137:189 [6] NCCL INFO misc/socket.cc:428 -> 3
nccl-2node-master-0:137:189 [6] NCCL INFO misc/socket.cc:564 -> 3
nccl-2node-master-0:137:189 [6] NCCL INFO misc/socket.cc:668 -> 3

nccl-2node-master-0:137:189 [6] proxy.cc:1458 NCCL WARN [Service thread] Accept failed Resource temporarily unavailable
nccl-2node-master-0:137:189 [6] NCCL INFO misc/socket.cc:826 -> 3

nccl-2node-master-0:137:189 [6] proxy.cc:1497 NCCL WARN [Service thread] Could not receive type from localRank 6, res=3, closed=0
nccl-2node-master-0:136:228 [5] NCCL INFO misc/socket.cc:47 -> 3

nccl-2node-master-0:137:189 [6] proxy.cc:1521 NCCL WARN [Proxy Service 6] Failed to execute operation Close from rank 6, retcode 3
nccl-2node-master-0:136:228 [5] NCCL INFO misc/socket.cc:550 -> 3
nccl-2node-master-0:136:228 [5] NCCL INFO misc/socket.cc:573 -> 3
nccl-2node-master-0:136:228 [5] NCCL INFO misc/socket.cc:621 -> 3
nccl-2node-master-0:136:228 [5] NCCL INFO misc/socket.cc:47 -> 3
nccl-2node-master-0:136:228 [5] NCCL INFO misc/socket.cc:58 -> 3
nccl-2node-master-0:136:228 [5] NCCL INFO misc/socket.cc:775 -> 3
nccl-2node-master-0:136:191 [5] NCCL INFO misc/socket.cc:47 -> 3
nccl-2node-master-0:136:191 [5] NCCL INFO misc/socket.cc:752 -> 3
nccl-2node-master-0:136:191 [5] NCCL INFO misc/socket.cc:428 -> 3
nccl-2node-master-0:136:191 [5] NCCL INFO misc/socket.cc:564 -> 3
nccl-2node-master-0:136:191 [5] NCCL INFO misc/socket.cc:668 -> 3

nccl-2node-master-0:136:191 [5] proxy.cc:1458 NCCL WARN [Service thread] Accept failed Resource temporarily unavailable
nccl-2node-master-0:136:191 [5] NCCL INFO misc/socket.cc:826 -> 3

nccl-2node-master-0:136:191 [5] proxy.cc:1497 NCCL WARN [Service thread] Could not receive type from localRank 5, res=3, closed=0

nccl-2node-master-0:136:191 [5] proxy.cc:1521 NCCL WARN [Proxy Service 5] Failed to execute operation Close from rank 5, retcode 3
nccl-2node-master-0:138:221 [7] NCCL INFO comm 0x55654c6d4af0 rank 7 nranks 16 cudaDev 7 busId ca000 - Abort COMPLETE
nccl-2node-master-0:137:226 [6] NCCL INFO comm 0x5586758b6f40 rank 6 nranks 16 cudaDev 6 busId b9000 - Abort COMPLETE
nccl-2node-master-0:134:224 [3] NCCL INFO comm 0x558cc7124ee0 rank 3 nranks 16 cudaDev 3 busId 86000 - Abort COMPLETE
nccl-2node-master-0:136:228 [5] NCCL INFO comm 0x55f9fe017330 rank 5 nranks 16 cudaDev 5 busId a8000 - Abort COMPLETE
nccl-2node-master-0:135:227 [4] NCCL INFO comm 0x55aad6f9a510 rank 4 nranks 16 cudaDev 4 busId 97000 - Abort COMPLETE
nccl-2node-master-0:132:222 [1] NCCL INFO comm 0x5566a4be1c60 rank 1 nranks 16 cudaDev 1 busId 64000 - Abort COMPLETE
nccl-2node-master-0:133:223 [2] NCCL INFO comm 0x564ffb244010 rank 2 nranks 16 cudaDev 2 busId 75000 - Abort COMPLETE
nccl-2node-master-0:131:225 [0] NCCL INFO comm 0x55b5446ecd50 rank 0 nranks 16 cudaDev 0 busId 53000 - Abort COMPLETE
